// Jest Snapshot v1, https://goo.gl/fbAQLP

exports[`TrendGifs snapshot 1`] = `
<DocumentFragment>
  <div
    class="trend-gif"
    data-testid="Trend-GIF"
  >
    <h3>
      Trending GIFs
    </h3>
    <div
      class="gif-container"
    />
  </div>
</DocumentFragment>
`;
